Archive member included to satisfy reference by file (symbol)

/usr/lib/gcc/avr/5.4.0/avr51/libgcc.a(_exit.o)
                              /usr/lib/gcc/avr/5.4.0/../../../avr/lib/avr51/crtat90usb1287.o (exit)
/usr/lib/gcc/avr/5.4.0/avr51/libgcc.a(_tablejump2.o)
                              ../../../../LUFA/Drivers/USB/Core/AVR8/Host_AVR8.o (__tablejump2__)
/usr/lib/gcc/avr/5.4.0/avr51/libgcc.a(_copy_data.o)
                              MouseHost.o (__do_copy_data)
/usr/lib/gcc/avr/5.4.0/avr51/libgcc.a(_clear_bss.o)
                              ../../../../LUFA/Drivers/USB/Core/AVR8/Host_AVR8.o (__do_clear_bss)
/usr/lib/gcc/avr/5.4.0/avr51/libgcc.a(_bswapsi2.o)
                              ../../../../LUFA/Drivers/USB/Class/Host/MassStorage.o (__bswapsi2)
/usr/lib/gcc/avr/5.4.0/avr51/libgcc.a(_umulhisi3.o)
                              ../../../../LUFA/Drivers/USB/Class/Host/MassStorage.o (__umulhisi3)
/usr/lib/gcc/avr/5.4.0/../../../avr/lib/avr51/libc.a(memcpy.o)
                              ../../../../LUFA/Drivers/USB/Class/Host/RNDIS.o (memcpy)
/usr/lib/gcc/avr/5.4.0/../../../avr/lib/avr51/libc.a(memmove.o)
                              ../../../../LUFA/Drivers/USB/Class/Host/Printer.o (memmove)
/usr/lib/gcc/avr/5.4.0/../../../avr/lib/avr51/libc.a(iob.o)
                              MouseHost.o (__iob)
/usr/lib/gcc/avr/5.4.0/../../../avr/lib/avr51/libc.a(printf_p.o)
                              MouseHost.o (printf_P)
/usr/lib/gcc/avr/5.4.0/../../../avr/lib/avr51/libc.a(puts_p.o)
                              MouseHost.o (puts_P)
/usr/lib/gcc/avr/5.4.0/../../../avr/lib/avr51/libc.a(vfprintf_std.o)
                              /usr/lib/gcc/avr/5.4.0/../../../avr/lib/avr51/libc.a(printf_p.o) (vfprintf)
/usr/lib/gcc/avr/5.4.0/../../../avr/lib/avr51/libc.a(strnlen_P.o)
                              /usr/lib/gcc/avr/5.4.0/../../../avr/lib/avr51/libc.a(vfprintf_std.o) (strnlen_P)
/usr/lib/gcc/avr/5.4.0/../../../avr/lib/avr51/libc.a(strnlen.o)
                              /usr/lib/gcc/avr/5.4.0/../../../avr/lib/avr51/libc.a(vfprintf_std.o) (strnlen)
/usr/lib/gcc/avr/5.4.0/../../../avr/lib/avr51/libc.a(fputc.o)
                              /usr/lib/gcc/avr/5.4.0/../../../avr/lib/avr51/libc.a(vfprintf_std.o) (fputc)
/usr/lib/gcc/avr/5.4.0/../../../avr/lib/avr51/libc.a(ultoa_invert.o)
                              /usr/lib/gcc/avr/5.4.0/../../../avr/lib/avr51/libc.a(vfprintf_std.o) (__ultoa_invert)
/usr/lib/gcc/avr/5.4.0/../../../avr/lib/avr51/libat90usb1287.a(eerd_byte.o)
                              ../../../../LUFA/Drivers/USB/Core/AVR8/PipeStream_AVR8.o (eeprom_read_byte)
/usr/lib/gcc/avr/5.4.0/../../../avr/lib/avr51/libat90usb1287.a(eeupd_byte.o)
                              ../../../../LUFA/Drivers/USB/Core/AVR8/PipeStream_AVR8.o (eeprom_update_byte)

Allocating common symbols
Common symbol       size              file

USB_IsInitialized   0x1               ../../../../LUFA/Drivers/USB/Core/USBTask.o
USB_Host_ConfigurationNumber
                    0x1               ../../../../LUFA/Drivers/USB/Core/HostStandardReq.o
USARTSerialStream   0xe               ../../../../LUFA/Drivers/Peripheral/AVR8/Serial_AVR8.o
USB_ControlRequest  0x8               ../../../../LUFA/Drivers/USB/Core/USBTask.o
USB_HostState       0x1               ../../../../LUFA/Drivers/USB/Core/USBTask.o
__iob               0x6               /usr/lib/gcc/avr/5.4.0/../../../avr/lib/avr51/libc.a(iob.o)

Discarded input sections

 .data          0x0000000000000000        0x0 /usr/lib/gcc/avr/5.4.0/../../../avr/lib/avr51/crtat90usb1287.o
 .bss           0x0000000000000000        0x0 /usr/lib/gcc/avr/5.4.0/../../../avr/lib/avr51/crtat90usb1287.o
 .text          0x0000000000000000        0x0 MouseHost.o
 .bss           0x0000000000000000        0x0 MouseHost.o
 .text          0x0000000000000000        0x0 ../../../../LUFA/Drivers/USB/Core/AVR8/Device_AVR8.o
 .data          0x0000000000000000        0x0 ../../../../LUFA/Drivers/USB/Core/AVR8/Device_AVR8.o
 .bss           0x0000000000000000        0x0 ../../../../LUFA/Drivers/USB/Core/AVR8/Device_AVR8.o
 .debug_line    0x0000000000000000        0x0 ../../../../LUFA/Drivers/USB/Core/AVR8/Device_AVR8.o
 .debug_str     0x0000000000000000      0x164 ../../../../LUFA/Drivers/USB/Core/AVR8/Device_AVR8.o
 .comment       0x0000000000000000       0x12 ../../../../LUFA/Drivers/USB/Core/AVR8/Device_AVR8.o
 .text          0x0000000000000000        0x0 ../../../../LUFA/Drivers/USB/Core/AVR8/Endpoint_AVR8.o
 .data          0x0000000000000000        0x0 ../../../../LUFA/Drivers/USB/Core/AVR8/Endpoint_AVR8.o
 .bss           0x0000000000000000        0x0 ../../../../LUFA/Drivers/USB/Core/AVR8/Endpoint_AVR8.o
 .debug_line    0x0000000000000000        0x0 ../../../../LUFA/Drivers/USB/Core/AVR8/Endpoint_AVR8.o
 .debug_str     0x0000000000000000      0x166 ../../../../LUFA/Drivers/USB/Core/AVR8/Endpoint_AVR8.o
 .comment       0x0000000000000000       0x12 ../../../../LUFA/Drivers/USB/Core/AVR8/Endpoint_AVR8.o
[...]
Memory Configuration

Name             Origin             Length             Attributes
text             0x0000000000000000 0x0000000000020000 xr
data             0x0000000000800100 0x0000000000002000 rw !x
eeprom           0x0000000000810000 0x0000000000001000 rw !x
fuse             0x0000000000820000 0x0000000000000003 rw !x
lock             0x0000000000830000 0x0000000000000400 rw !x
signature        0x0000000000840000 0x0000000000000400 rw !x
user_signatures  0x0000000000850000 0x0000000000000400 rw !x
*default*        0x0000000000000000 0xffffffffffffffff

Linker script and memory map

Address of section .data set to 0x800100
LOAD /usr/lib/gcc/avr/5.4.0/../../../avr/lib/avr51/crtat90usb1287.o
LOAD MouseHost.o
LOAD ../../../../LUFA/Drivers/USB/Core/AVR8/Device_AVR8.o
LOAD ../../../../LUFA/Drivers/USB/Core/AVR8/Endpoint_AVR8.o
LOAD ../../../../LUFA/Drivers/USB/Core/AVR8/Host_AVR8.o
LOAD ../../../../LUFA/Drivers/USB/Core/AVR8/Pipe_AVR8.o
LOAD ../../../../LUFA/Drivers/USB/Core/AVR8/USBController_AVR8.o
LOAD ../../../../LUFA/Drivers/USB/Core/AVR8/USBInterrupt_AVR8.o
LOAD ../../../../LUFA/Drivers/USB/Core/AVR8/EndpointStream_AVR8.o
LOAD ../../../../LUFA/Drivers/USB/Core/AVR8/PipeStream_AVR8.o
LOAD ../../../../LUFA/Drivers/USB/Core/ConfigDescriptor.o
LOAD ../../../../LUFA/Drivers/USB/Core/DeviceStandardReq.o
LOAD ../../../../LUFA/Drivers/USB/Core/Events.o
LOAD ../../../../LUFA/Drivers/USB/Core/HostStandardReq.o
LOAD ../../../../LUFA/Drivers/USB/Core/USBTask.o
LOAD ../../../../LUFA/Drivers/USB/Class/Common/HIDParser.o
LOAD ../../../../LUFA/Drivers/USB/Class/Device/Audio.o
LOAD ../../../../LUFA/Drivers/USB/Class/Device/CDC.o
LOAD ../../../../LUFA/Drivers/USB/Class/Device/HID.o
LOAD ../../../../LUFA/Drivers/USB/Class/Device/MassStorage.o
LOAD ../../../../LUFA/Drivers/USB/Class/Device/MIDI.o
LOAD ../../../../LUFA/Drivers/USB/Class/Device/RNDIS.o
LOAD ../../../../LUFA/Drivers/USB/Class/Host/Audio.o
LOAD ../../../../LUFA/Drivers/USB/Class/Host/CDC.o
LOAD ../../../../LUFA/Drivers/USB/Class/Host/HID.o
LOAD ../../../../LUFA/Drivers/USB/Class/Host/MassStorage.o
LOAD ../../../../LUFA/Drivers/USB/Class/Host/MIDI.o
LOAD ../../../../LUFA/Drivers/USB/Class/Host/Printer.o
LOAD ../../../../LUFA/Drivers/USB/Class/Host/RNDIS.o
LOAD ../../../../LUFA/Drivers/USB/Class/Host/StillImage.o
LOAD ../../../../LUFA/Drivers/Peripheral/AVR8/Serial_AVR8.o
LOAD /usr/lib/gcc/avr/5.4.0/../../../avr/lib/avr51/libm.a
START GROUP
LOAD /usr/lib/gcc/avr/5.4.0/avr51/libgcc.a
LOAD /usr/lib/gcc/avr/5.4.0/../../../avr/lib/avr51/libm.a
LOAD /usr/lib/gcc/avr/5.4.0/../../../avr/lib/avr51/libc.a
LOAD /usr/lib/gcc/avr/5.4.0/../../../avr/lib/avr51/libat90usb1287.a
END GROUP
                0x0000000000000000                __TEXT_REGION_ORIGIN__ = DEFINED (__TEXT_REGION_ORIGIN__)?__TEXT_REGION_ORIGIN__:0x0
                [0x0000000000800100]                __DATA_REGION_ORIGIN__ = DEFINED (__DATA_REGION_ORIGIN__)?__DATA_REGION_ORIGIN__:0x800100
                [0x0000000000020000]                __TEXT_REGION_LENGTH__ = DEFINED (__TEXT_REGION_LENGTH__)?__TEXT_REGION_LENGTH__:0x20000
                [0x0000000000002000]                __DATA_REGION_LENGTH__ = DEFINED (__DATA_REGION_LENGTH__)?__DATA_REGION_LENGTH__:0xff00
                [0x0000000000001000]                __EEPROM_REGION_LENGTH__ = DEFINED (__EEPROM_REGION_LENGTH__)?__EEPROM_REGION_LENGTH__:0x10000
                [0x0000000000000003]                __FUSE_REGION_LENGTH__ = DEFINED (__FUSE_REGION_LENGTH__)?__FUSE_REGION_LENGTH__:0x400
                0x0000000000000400                __LOCK_REGION_LENGTH__ = DEFINED (__LOCK_REGION_LENGTH__)?__LOCK_REGION_LENGTH__:0x400
                0x0000000000000400                __SIGNATURE_REGION_LENGTH__ = DEFINED (__SIGNATURE_REGION_LENGTH__)?__SIGNATURE_REGION_LENGTH__:0x400
                0x0000000000000400                __USER_SIGNATURE_REGION_LENGTH__ = DEFINED (__USER_SIGNATURE_REGION_LENGTH__)?__USER_SIGNATURE_REGION_LENGTH__:0x400

.hash
 *(.hash)

.dynsym
 *(.dynsym)

.dynstr
 *(.dynstr)

.gnu.version
 *(.gnu.version)

.gnu.version_d
 *(.gnu.version_d)

.gnu.version_r
 *(.gnu.version_r)

.rel.init
 *(.rel.init)

.rela.init
 *(.rela.init)

.rel.text
 *(.rel.text)
 *(.rel.text.*)
 *(.rel.gnu.linkonce.t*)

.rela.text
 *(.rela.text)
 *(.rela.text.*)
 *(.rela.gnu.linkonce.t*)

.rel.fini
 *(.rel.fini)

.rela.fini
 *(.rela.fini)

.rel.rodata
 *(.rel.rodata)
 *(.rel.rodata.*)
 *(.rel.gnu.linkonce.r*)

.rela.rodata
 *(.rela.rodata)
 *(.rela.rodata.*)
 *(.rela.gnu.linkonce.r*)

.rel.data
 *(.rel.data)
 *(.rel.data.*)
 *(.rel.gnu.linkonce.d*)

.rela.data
 *(.rela.data)
 *(.rela.data.*)
 *(.rela.gnu.linkonce.d*)

.rel.ctors
 *(.rel.ctors)

.rela.ctors
 *(.rela.ctors)

.rel.dtors
 *(.rel.dtors)

.rela.dtors
 *(.rela.dtors)

.rel.got
 *(.rel.got)

.rela.got
 *(.rela.got)

.rel.bss
 *(.rel.bss)

.rela.bss
 *(.rela.bss)

.rel.plt
 *(.rel.plt)

.rela.plt
 *(.rela.plt)

.text           0x0000000000000000     0x1a82
 *(.vectors)
 .vectors       0x0000000000000000       0x98 /usr/lib/gcc/avr/5.4.0/../../../avr/lib/avr51/crtat90usb1287.o
                0x0000000000000000                __vectors
                0x0000000000000000                __vector_default
 *(.vectors)
 *(.progmem.gcc*)
 .progmem.gcc_sw_table.USB_Host_ProcessNextHostState
                0x0000000000000098       0x14 ../../../../LUFA/Drivers/USB/Core/AVR8/Host_AVR8.o
                0x00000000000000ac                . = ALIGN (0x2)
                0x00000000000000ac                __trampolines_start = .
 *(.trampolines)
 .trampolines   0x00000000000000ac        0x0 linker stubs
 *(.trampolines*)
                0x00000000000000ac                __trampolines_end = .
 *libprintf_flt.a:*(.progmem.data)
 *libc.a:*(.progmem.data)
 *(.progmem*)
 .progmem.data  0x00000000000000ac      0x19e MouseHost.o
                0x000000000000024a                . = ALIGN (0x2)
 *(.jumptables)
 *(.jumptables*)
 *(.lowtext)
 *(.lowtext*)
                0x000000000000024a                __ctors_start = .
 *(.ctors)
                0x000000000000024a                __ctors_end = .
                0x000000000000024a                __dtors_start = .
 *(.dtors)
                0x000000000000024a                __dtors_end = .
 SORT(*)(.ctors)
 SORT(*)(.dtors)
 *(.init0)
 .init0         0x000000000000024a        0x0 /usr/lib/gcc/avr/5.4.0/../../../avr/lib/avr51/crtat90usb1287.o
                0x000000000000024a                __init
 *(.init0)
 *(.init1)
 *(.init1)
 *(.init2)
 .init2         0x000000000000024a        0xc /usr/lib/gcc/avr/5.4.0/../../../avr/lib/avr51/crtat90usb1287.o
 *(.init2)
 *(.init3)
 *(.init3)
 *(.init4)
 .init4         0x0000000000000256       0x1a /usr/lib/gcc/avr/5.4.0/avr51/libgcc.a(_copy_data.o)
                0x0000000000000256                __do_copy_data
 .init4         0x0000000000000270       0x10 /usr/lib/gcc/avr/5.4.0/avr51/libgcc.a(_clear_bss.o)
                0x0000000000000270                __do_clear_bss
 *(.init4)
 *(.init5)
 *(.init5)
 *(.init6)
 *(.init6)
 *(.init7)
 *(.init7)
 *(.init8)
 *(.init8)
 *(.init9)
 .init9         0x0000000000000280        0x6 /usr/lib/gcc/avr/5.4.0/../../../avr/lib/avr51/crtat90usb1287.o
 *(.init9)
 *(.text)
 .text          0x0000000000000286        0x2 /usr/lib/gcc/avr/5.4.0/../../../avr/lib/avr51/crtat90usb1287.o
                0x0000000000000286                __vector_22
                0x0000000000000286                __vector_28
                0x0000000000000286                __vector_1
                0x0000000000000286                __vector_32
                0x0000000000000286                __vector_34
                0x0000000000000286                __vector_24
                0x0000000000000286                __vector_12
                0x0000000000000286                __bad_interrupt
                0x0000000000000286                __vector_6
                0x0000000000000286                __vector_31
                0x0000000000000286                __vector_35
                0x0000000000000286                __vector_3
                0x0000000000000286                __vector_23
                0x0000000000000286                __vector_30
                0x0000000000000286                __vector_25
                0x0000000000000286                __vector_11
                0x0000000000000286                __vector_13
                0x0000000000000286                __vector_17
                0x0000000000000286                __vector_19
                0x0000000000000286                __vector_7
                0x0000000000000286                __vector_27
                0x0000000000000286                __vector_5
                0x0000000000000286                __vector_33
                0x0000000000000286                __vector_37
                0x0000000000000286                __vector_4
                0x0000000000000286                __vector_9
                0x0000000000000286                __vector_2
                0x0000000000000286                __vector_21
                0x0000000000000286                __vector_15
                0x0000000000000286                __vector_36
                0x0000000000000286                __vector_29
                0x0000000000000286                __vector_8
                0x0000000000000286                __vector_26
                0x0000000000000286                __vector_14
                0x0000000000000286                __vector_16
                0x0000000000000286                __vector_18
                0x0000000000000286                __vector_20
                0x0000000000000288                . = ALIGN (0x2)
 *(.text.*)
 .text.LEDs_SetAllLEDs
                0x0000000000000288        0xa MouseHost.o
 .text.SetupHardware
                0x0000000000000292       0x92 MouseHost.o
                0x0000000000000292                SetupHardware
 .text.MouseHost_Task
                0x0000000000000324       0x9c MouseHost.o
                0x0000000000000324                MouseHost_Task
 .text.startup.main
                0x00000000000003c0       0x16 MouseHost.o
                0x00000000000003c0                main
 .text.EVENT_USB_Host_DeviceAttached
                0x00000000000003d6        0xc MouseHost.o
                0x00000000000003d6                EVENT_USB_Host_DeviceAttached
 .text.EVENT_USB_Host_DeviceUnattached
                0x00000000000003e2        0xc MouseHost.o
                0x00000000000003e2                EVENT_USB_Host_DeviceUnattached
 .text.EVENT_USB_Host_DeviceEnumerationComplete
                0x00000000000003ee       0xaa MouseHost.o
                0x00000000000003ee                EVENT_USB_Host_DeviceEnumerationComplete
 .text.EVENT_USB_Host_HostError
                0x0000000000000498       0x20 MouseHost.o
                0x0000000000000498                EVENT_USB_Host_HostError
 .text.EVENT_USB_Host_DeviceEnumerationFailed
                0x00000000000004b8       0x2e MouseHost.o
                0x00000000000004b8                EVENT_USB_Host_DeviceEnumerationFailed
 .text.USB_Host_ResetDevice
                0x00000000000004e6       0xa2 ../../../../LUFA/Drivers/USB/Core/AVR8/Host_AVR8.o
 .text.USB_Host_WaitMS
                0x0000000000000588       0x9a ../../../../LUFA/Drivers/USB/Core/AVR8/Host_AVR8.o
                0x0000000000000588                USB_Host_WaitMS
 .text.USB_Host_ProcessNextHostState
                0x0000000000000622      0x22c ../../../../LUFA/Drivers/USB/Core/AVR8/Host_AVR8.o
                0x0000000000000622                USB_Host_ProcessNextHostState
 .text.Pipe_ConfigurePipe
                0x000000000000084e       0xb8 ../../../../LUFA/Drivers/USB/Core/AVR8/Pipe_AVR8.o
                0x000000000000084e                Pipe_ConfigurePipe
 .text.Pipe_ClearPipes
                0x0000000000000906       0x28 ../../../../LUFA/Drivers/USB/Core/AVR8/Pipe_AVR8.o
                0x0000000000000906                Pipe_ClearPipes
 .text.Pipe_IsEndpointBound
                0x000000000000092e       0x44 ../../../../LUFA/Drivers/USB/Core/AVR8/Pipe_AVR8.o
                0x000000000000092e                Pipe_IsEndpointBound
 .text.Pipe_WaitUntilReady
                0x0000000000000972       0x5c ../../../../LUFA/Drivers/USB/Core/AVR8/Pipe_AVR8.o
                0x0000000000000972                Pipe_WaitUntilReady
 .text.USB_Disable
                0x00000000000009ce       0x30 ../../../../LUFA/Drivers/USB/Core/AVR8/USBController_AVR8.o
                0x00000000000009ce                USB_Disable
 .text.USB_ResetInterface
                0x00000000000009fe       0xa0 ../../../../LUFA/Drivers/USB/Core/AVR8/USBController_AVR8.o
                0x00000000000009fe                USB_ResetInterface
 .text.USB_Init
                0x0000000000000a9e       0x12 ../../../../LUFA/Drivers/USB/Core/AVR8/USBController_AVR8.o
                0x0000000000000a9e                USB_Init
 .text.USB_INT_DisableAllInterrupts
                0x0000000000000ab0       0x10 ../../../../LUFA/Drivers/USB/Core/AVR8/USBInterrupt_AVR8.o
                0x0000000000000ab0                USB_INT_DisableAllInterrupts
 .text.USB_INT_ClearAllInterrupts
                0x0000000000000ac0        0xa ../../../../LUFA/Drivers/USB/Core/AVR8/USBInterrupt_AVR8.o
                0x0000000000000ac0                USB_INT_ClearAllInterrupts
 .text.__vector_10
                0x0000000000000aca      0x126 ../../../../LUFA/Drivers/USB/Core/AVR8/USBInterrupt_AVR8.o
                0x0000000000000aca                __vector_10
 .text.Pipe_Read_Stream_LE
                0x0000000000000bf0       0x9e ../../../../LUFA/Drivers/USB/Core/AVR8/PipeStream_AVR8.o
                0x0000000000000bf0                Pipe_Read_Stream_LE
 .text.USB_GetNextDescriptor
                0x0000000000000c8e       0x3c ../../../../LUFA/Drivers/USB/Core/ConfigDescriptor.o
 .text.USB_Host_GetDeviceConfigDescriptor
                0x0000000000000cca       0xb2 ../../../../LUFA/Drivers/USB/Core/ConfigDescriptor.o
                0x0000000000000cca                USB_Host_GetDeviceConfigDescriptor
 .text.USB_GetNextDescriptorComp
                0x0000000000000d7c       0x64 ../../../../LUFA/Drivers/USB/Core/ConfigDescriptor.o
                0x0000000000000d7c                USB_GetNextDescriptorComp
 .text.USB_Event_Stub
                0x0000000000000de0        0x2 ../../../../LUFA/Drivers/USB/Core/Events.o
                0x0000000000000de0                USB_Event_Stub
                0x0000000000000de0                EVENT_USB_Host_StartOfFrame
 .text.USB_Host_WaitForIOS
                0x0000000000000de2       0x4c ../../../../LUFA/Drivers/USB/Core/HostStandardReq.o
 .text.USB_Host_SendControlRequest
                0x0000000000000e2e      0x1ec ../../../../LUFA/Drivers/USB/Core/HostStandardReq.o
                0x0000000000000e2e                USB_Host_SendControlRequest
 .text.USB_Host_SetDeviceConfiguration
                0x000000000000101a       0x4e ../../../../LUFA/Drivers/USB/Core/HostStandardReq.o
                0x000000000000101a                USB_Host_SetDeviceConfiguration
 .text.USB_USBTask
                0x0000000000001068       0x1c ../../../../LUFA/Drivers/USB/Core/USBTask.o
                0x0000000000001068                USB_USBTask
 .text.USB_GetHIDReportSize
                0x0000000000001084       0x56 ../../../../LUFA/Drivers/USB/Class/Common/HIDParser.o
                0x0000000000001084                USB_GetHIDReportSize
 .text.DCOMP_HID_Host_NextHIDInterface
                0x00000000000010da       0x16 ../../../../LUFA/Drivers/USB/Class/Host/HID.o
 .text.DCOMP_HID_Host_NextHIDDescriptor
                0x00000000000010f0       0x18 ../../../../LUFA/Drivers/USB/Class/Host/HID.o
 .text.DCOMP_HID_Host_NextHIDInterfaceEndpoint
                0x0000000000001108       0x20 ../../../../LUFA/Drivers/USB/Class/Host/HID.o
 .text.HID_Host_ConfigurePipes
                0x0000000000001128      0x1f0 ../../../../LUFA/Drivers/USB/Class/Host/HID.o
                0x0000000000001128                HID_Host_ConfigurePipes
 .text.HID_Host_ReceiveReport
                0x0000000000001318       0x86 ../../../../LUFA/Drivers/USB/Class/Host/HID.o
                0x0000000000001318                HID_Host_ReceiveReport
 .text.HID_Host_IsReportReceived
                0x000000000000139e       0x36 ../../../../LUFA/Drivers/USB/Class/Host/HID.o
                0x000000000000139e                HID_Host_IsReportReceived
 .text.HID_Host_SetBootProtocol
                0x00000000000013d4       0x58 ../../../../LUFA/Drivers/USB/Class/Host/HID.o
                0x00000000000013d4                HID_Host_SetBootProtocol
 .text.Serial_putchar
                0x000000000000142c       0x12 ../../../../LUFA/Drivers/Peripheral/AVR8/Serial_AVR8.o
                0x000000000000142c                Serial_putchar
 .text.Serial_getchar
                0x000000000000143e       0x24 ../../../../LUFA/Drivers/Peripheral/AVR8/Serial_AVR8.o
                0x000000000000143e                Serial_getchar
 .text.libgcc   0x0000000000001462       0x12 /usr/lib/gcc/avr/5.4.0/avr51/libgcc.a(_tablejump2.o)
                0x0000000000001462                __tablejump2__
 .text.avr-libc
                0x0000000000001474       0x4e /usr/lib/gcc/avr/5.4.0/../../../avr/lib/avr51/libc.a(printf_p.o)
                0x0000000000001474                printf_P
 .text.avr-libc
                0x00000000000014c2       0x62 /usr/lib/gcc/avr/5.4.0/../../../avr/lib/avr51/libc.a(puts_p.o)
                0x00000000000014c2                puts_P
 .text.avr-libc
                0x0000000000001524      0x3fa /usr/lib/gcc/avr/5.4.0/../../../avr/lib/avr51/libc.a(vfprintf_std.o)
                0x0000000000001524                vfprintf
 .text.avr-libc
                0x000000000000191e       0x16 /usr/lib/gcc/avr/5.4.0/../../../avr/lib/avr51/libc.a(strnlen_P.o)
                0x000000000000191e                strnlen_P
 .text.avr-libc
                0x0000000000001934       0x16 /usr/lib/gcc/avr/5.4.0/../../../avr/lib/avr51/libc.a(strnlen.o)
                0x0000000000001934                strnlen
 .text.avr-libc
                0x000000000000194a       0x78 /usr/lib/gcc/avr/5.4.0/../../../avr/lib/avr51/libc.a(fputc.o)
                0x000000000000194a                fputc
 .text.avr-libc
                0x00000000000019c2       0xbc /usr/lib/gcc/avr/5.4.0/../../../avr/lib/avr51/libc.a(ultoa_invert.o)
                0x00000000000019c2                __ultoa_invert
                0x0000000000001a7e                . = ALIGN (0x2)
 *(.fini9)
 .fini9         0x0000000000001a7e        0x0 /usr/lib/gcc/avr/5.4.0/avr51/libgcc.a(_exit.o)
                0x0000000000001a7e                exit
                0x0000000000001a7e                _exit
 *(.fini9)
 *(.fini8)
 *(.fini8)
 *(.fini7)
 *(.fini7)
 *(.fini6)
 *(.fini6)
 *(.fini5)
 *(.fini5)
 *(.fini4)
 *(.fini4)
 *(.fini3)
 *(.fini3)
 *(.fini2)
 *(.fini2)
 *(.fini1)
 *(.fini1)
 *(.fini0)
 .fini0         0x0000000000001a7e        0x4 /usr/lib/gcc/avr/5.4.0/avr51/libgcc.a(_exit.o)
 *(.fini0)
                0x0000000000001a82                _etext = .

.data           0x0000000000800100       0x24 load address 0x0000000000001a82
                0x0000000000800100                PROVIDE (__data_start, .)
 *(.data)
 .data          0x0000000000800100       0x13 MouseHost.o
                0x0000000000800100                Mouse_HID_Interface
 .data          0x0000000000800113        0x1 ../../../../LUFA/Drivers/USB/Core/AVR8/Pipe_AVR8.o
                0x0000000000800113                USB_Host_ControlPipeSize
 *(.data*)
 *(.gnu.linkonce.d*)
 *(.rodata)
 .rodata        0x0000000000800114       0x10 ../../../../LUFA/Drivers/USB/Core/AVR8/Host_AVR8.o
 *(.rodata*)
 *(.gnu.linkonce.r*)
                0x0000000000800124                . = ALIGN (0x2)
                0x0000000000800124                _edata = .
                0x0000000000800124                PROVIDE (__data_end, .)

.bss            0x0000000000800124       0x22
                0x0000000000800124                PROVIDE (__bss_start, .)
 *(.bss)
 .bss           0x0000000000800124        0x3 ../../../../LUFA/Drivers/USB/Core/AVR8/Host_AVR8.o
 *(.bss*)
 *(COMMON)
 COMMON         0x0000000000800127        0x1 ../../../../LUFA/Drivers/USB/Core/HostStandardReq.o
                0x0000000000800127                USB_Host_ConfigurationNumber
 COMMON         0x0000000000800128        0xa ../../../../LUFA/Drivers/USB/Core/USBTask.o
                0x0000000000800128                USB_IsInitialized
                0x0000000000800129                USB_ControlRequest
                0x0000000000800131                USB_HostState
 COMMON         0x0000000000800132        0xe ../../../../LUFA/Drivers/Peripheral/AVR8/Serial_AVR8.o
                0x0000000000800132                USARTSerialStream
 COMMON         0x0000000000800140        0x6 /usr/lib/gcc/avr/5.4.0/../../../avr/lib/avr51/libc.a(iob.o)
                0x0000000000800140                __iob
                0x0000000000800146                PROVIDE (__bss_end, .)
                0x0000000000001a82                __data_load_start = LOADADDR (.data)
                0x0000000000001aa6                __data_load_end = (__data_load_start + SIZEOF (.data))

.noinit         0x0000000000800146        0x0
                [!provide]                        PROVIDE (__noinit_start, .)
 *(.noinit*)
                [!provide]                        PROVIDE (__noinit_end, .)
                0x0000000000800146                _end = .
                [!provide]                        PROVIDE (__heap_start, .)

.eeprom         0x0000000000810000        0x0
 *(.eeprom*)
                0x0000000000810000                __eeprom_end = .

.fuse
 *(.fuse)
 *(.lfuse)
 *(.hfuse)
 *(.efuse)

.lock
 *(.lock*)

.signature
 *(.signature*)

.user_signatures
 *(.user_signatures*)

.stab
 *(.stab)

.stabstr
 *(.stabstr)

.stab.excl
 *(.stab.excl)

.stab.exclstr
 *(.stab.exclstr)

.stab.index
 *(.stab.index)

.stab.indexstr
 *(.stab.indexstr)

.comment        0x0000000000000000       0x11
 *(.comment)
 .comment       0x0000000000000000       0x11 MouseHost.o
                                         0x12 (size before relaxing)
 .comment       0x0000000000000011       0x12 ../../../../LUFA/Drivers/USB/Core/AVR8/Host_AVR8.o
 .comment       0x0000000000000011       0x12 ../../../../LUFA/Drivers/USB/Core/AVR8/Pipe_AVR8.o
 .comment       0x0000000000000011       0x12 ../../../../LUFA/Drivers/USB/Core/AVR8/USBController_AVR8.o
 .comment       0x0000000000000011       0x12 ../../../../LUFA/Drivers/USB/Core/AVR8/USBInterrupt_AVR8.o
 .comment       0x0000000000000011       0x12 ../../../../LUFA/Drivers/USB/Core/AVR8/PipeStream_AVR8.o
 .comment       0x0000000000000011       0x12 ../../../../LUFA/Drivers/USB/Core/ConfigDescriptor.o
 .comment       0x0000000000000011       0x12 ../../../../LUFA/Drivers/USB/Core/Events.o
 .comment       0x0000000000000011       0x12 ../../../../LUFA/Drivers/USB/Core/HostStandardReq.o
 .comment       0x0000000000000011       0x12 ../../../../LUFA/Drivers/USB/Core/USBTask.o
 .comment       0x0000000000000011       0x12 ../../../../LUFA/Drivers/USB/Class/Common/HIDParser.o
 .comment       0x0000000000000011       0x12 ../../../../LUFA/Drivers/USB/Class/Host/HID.o
 .comment       0x0000000000000011       0x12 ../../../../LUFA/Drivers/Peripheral/AVR8/Serial_AVR8.o
 .comment       0x0000000000000011       0x12 /usr/lib/gcc/avr/5.4.0/../../../avr/lib/avr51/libc.a(iob.o)
 .comment       0x0000000000000011       0x12 /usr/lib/gcc/avr/5.4.0/../../../avr/lib/avr51/libc.a(printf_p.o)
 .comment       0x0000000000000011       0x12 /usr/lib/gcc/avr/5.4.0/../../../avr/lib/avr51/libc.a(puts_p.o)
 .comment       0x0000000000000011       0x12 /usr/lib/gcc/avr/5.4.0/../../../avr/lib/avr51/libc.a(vfprintf_std.o)
 .comment       0x0000000000000011       0x12 /usr/lib/gcc/avr/5.4.0/../../../avr/lib/avr51/libc.a(fputc.o)

.note.gnu.avr.deviceinfo
                0x0000000000000000       0x40
 .note.gnu.avr.deviceinfo
                0x0000000000000000       0x40 /usr/lib/gcc/avr/5.4.0/../../../avr/lib/avr51/crtat90usb1287.o

.note.gnu.build-id
 *(.note.gnu.build-id)

.debug
 *(.debug)

.line
 *(.line)

.debug_srcinfo
 *(.debug_srcinfo)

.debug_sfnames
 *(.debug_sfnames)

.debug_aranges  0x0000000000000000      0x370
 *(.debug_aranges)
 .debug_aranges
                0x0000000000000000       0x60 MouseHost.o
 .debug_aranges
                0x0000000000000060       0x30 ../../../../LUFA/Drivers/USB/Core/AVR8/Host_AVR8.o
 .debug_aranges
                0x0000000000000090       0x38 ../../../../LUFA/Drivers/USB/Core/AVR8/Pipe_AVR8.o
 .debug_aranges
                0x00000000000000c8       0x30 ../../../../LUFA/Drivers/USB/Core/AVR8/USBController_AVR8.o
 .debug_aranges
                0x00000000000000f8       0x30 ../../../../LUFA/Drivers/USB/Core/AVR8/USBInterrupt_AVR8.o
 .debug_aranges
                0x0000000000000128       0x78 ../../../../LUFA/Drivers/USB/Core/AVR8/PipeStream_AVR8.o
 .debug_aranges
                0x00000000000001a0       0x48 ../../../../LUFA/Drivers/USB/Core/ConfigDescriptor.o
 .debug_aranges
                0x00000000000001e8       0x20 ../../../../LUFA/Drivers/USB/Core/Events.o
 .debug_aranges
                0x0000000000000208       0x58 ../../../../LUFA/Drivers/USB/Core/HostStandardReq.o
 .debug_aranges
                0x0000000000000260       0x20 ../../../../LUFA/Drivers/USB/Core/USBTask.o
 .debug_aranges
                0x0000000000000280       0x38 ../../../../LUFA/Drivers/USB/Class/Common/HIDParser.o
 .debug_aranges
                0x00000000000002b8       0x70 ../../../../LUFA/Drivers/USB/Class/Host/HID.o
 .debug_aranges
                0x0000000000000328       0x48 ../../../../LUFA/Drivers/Peripheral/AVR8/Serial_AVR8.o

.debug_pubnames
 *(.debug_pubnames)

.debug_info     0x0000000000000000     0x70ab
 *(.debug_info .gnu.linkonce.wi.*)
 .debug_info    0x0000000000000000      0xb70 /usr/lib/gcc/avr/5.4.0/../../../avr/lib/avr51/crtat90usb1287.o
 .debug_info    0x0000000000000b70      0xd07 MouseHost.o
 .debug_info    0x0000000000001877      0xb5a ../../../../LUFA/Drivers/USB/Core/AVR8/Host_AVR8.o
 .debug_info    0x00000000000023d1      0x55e ../../../../LUFA/Drivers/USB/Core/AVR8/Pipe_AVR8.o
 .debug_info    0x000000000000292f      0x414 ../../../../LUFA/Drivers/USB/Core/AVR8/USBController_AVR8.o
 .debug_info    0x0000000000002d43      0x554 ../../../../LUFA/Drivers/USB/Core/AVR8/USBInterrupt_AVR8.o
 .debug_info    0x0000000000003297      0xc81 ../../../../LUFA/Drivers/USB/Core/AVR8/PipeStream_AVR8.o
 .debug_info    0x0000000000003f18      0x6ca ../../../../LUFA/Drivers/USB/Core/ConfigDescriptor.o
 .debug_info    0x00000000000045e2       0x78 ../../../../LUFA/Drivers/USB/Core/Events.o
 .debug_info    0x000000000000465a      0xa6e ../../../../LUFA/Drivers/USB/Core/HostStandardReq.o
 .debug_info    0x00000000000050c8      0x1fa ../../../../LUFA/Drivers/USB/Core/USBTask.o
 .debug_info    0x00000000000052c2      0x737 ../../../../LUFA/Drivers/USB/Class/Common/HIDParser.o
 .debug_info    0x00000000000059f9     0x12b8 ../../../../LUFA/Drivers/USB/Class/Host/HID.o
 .debug_info    0x0000000000006cb1      0x3fa ../../../../LUFA/Drivers/Peripheral/AVR8/Serial_AVR8.o

.debug_abbrev   0x0000000000000000     0x24c4
 *(.debug_abbrev)
 .debug_abbrev  0x0000000000000000      0xad2 /usr/lib/gcc/avr/5.4.0/../../../avr/lib/avr51/crtat90usb1287.o
 .debug_abbrev  0x0000000000000ad2      0x349 MouseHost.o
 .debug_abbrev  0x0000000000000e1b      0x2d2 ../../../../LUFA/Drivers/USB/Core/AVR8/Host_AVR8.o
 .debug_abbrev  0x00000000000010ed      0x226 ../../../../LUFA/Drivers/USB/Core/AVR8/Pipe_AVR8.o
 .debug_abbrev  0x0000000000001313      0x16f ../../../../LUFA/Drivers/USB/Core/AVR8/USBController_AVR8.o
 .debug_abbrev  0x0000000000001482      0x162 ../../../../LUFA/Drivers/USB/Core/AVR8/USBInterrupt_AVR8.o
 .debug_abbrev  0x00000000000015e4      0x180 ../../../../LUFA/Drivers/USB/Core/AVR8/PipeStream_AVR8.o
 .debug_abbrev  0x0000000000001764      0x21d ../../../../LUFA/Drivers/USB/Core/ConfigDescriptor.o
 .debug_abbrev  0x0000000000001981       0x44 ../../../../LUFA/Drivers/USB/Core/Events.o
 .debug_abbrev  0x00000000000019c5      0x2b4 ../../../../LUFA/Drivers/USB/Core/HostStandardReq.o
 .debug_abbrev  0x0000000000001c79      0x136 ../../../../LUFA/Drivers/USB/Core/USBTask.o
 .debug_abbrev  0x0000000000001daf      0x21a ../../../../LUFA/Drivers/USB/Class/Common/HIDParser.o
 .debug_abbrev  0x0000000000001fc9      0x328 ../../../../LUFA/Drivers/USB/Class/Host/HID.o
 .debug_abbrev  0x00000000000022f1      0x1d3 ../../../../LUFA/Drivers/Peripheral/AVR8/Serial_AVR8.o

.debug_line     0x0000000000000000     0x37c3
 *(.debug_line .debug_line.* .debug_line_end)
 .debug_line    0x0000000000000000       0x1a /usr/lib/gcc/avr/5.4.0/../../../avr/lib/avr51/crtat90usb1287.o
 .debug_line    0x000000000000001a      0x47e MouseHost.o
 .debug_line    0x0000000000000498      0x6a4 ../../../../LUFA/Drivers/USB/Core/AVR8/Host_AVR8.o
 .debug_line    0x0000000000000b3c      0x404 ../../../../LUFA/Drivers/USB/Core/AVR8/Pipe_AVR8.o
 .debug_line    0x0000000000000f40      0x2e8 ../../../../LUFA/Drivers/USB/Core/AVR8/USBController_AVR8.o
 .debug_line    0x0000000000001228      0x390 ../../../../LUFA/Drivers/USB/Core/AVR8/USBInterrupt_AVR8.o
 .debug_line    0x00000000000015b8      0x97a ../../../../LUFA/Drivers/USB/Core/AVR8/PipeStream_AVR8.o
 .debug_line    0x0000000000001f32      0x2b4 ../../../../LUFA/Drivers/USB/Core/ConfigDescriptor.o
 .debug_line    0x00000000000021e6       0x58 ../../../../LUFA/Drivers/USB/Core/Events.o
 .debug_line    0x000000000000223e      0x516 ../../../../LUFA/Drivers/USB/Core/HostStandardReq.o
 .debug_line    0x0000000000002754      0x166 ../../../../LUFA/Drivers/USB/Core/USBTask.o
 .debug_line    0x00000000000028ba      0x577 ../../../../LUFA/Drivers/USB/Class/Common/HIDParser.o
 .debug_line    0x0000000000002e31      0x770 ../../../../LUFA/Drivers/USB/Class/Host/HID.o
 .debug_line    0x00000000000035a1      0x222 ../../../../LUFA/Drivers/Peripheral/AVR8/Serial_AVR8.o

.debug_frame    0x0000000000000000      0xbb4
 *(.debug_frame)
 .debug_frame   0x0000000000000000       0xf8 MouseHost.o
 .debug_frame   0x00000000000000f8       0x68 ../../../../LUFA/Drivers/USB/Core/AVR8/Host_AVR8.o
 .debug_frame   0x0000000000000160       0x68 ../../../../LUFA/Drivers/USB/Core/AVR8/Pipe_AVR8.o
 .debug_frame   0x00000000000001c8       0x44 ../../../../LUFA/Drivers/USB/Core/AVR8/USBController_AVR8.o
 .debug_frame   0x000000000000020c       0x98 ../../../../LUFA/Drivers/USB/Core/AVR8/USBInterrupt_AVR8.o
 .debug_frame   0x00000000000002a4      0x2fc ../../../../LUFA/Drivers/USB/Core/AVR8/PipeStream_AVR8.o
 .debug_frame   0x00000000000005a0      0x158 ../../../../LUFA/Drivers/USB/Core/ConfigDescriptor.o
 .debug_frame   0x00000000000006f8       0x24 ../../../../LUFA/Drivers/USB/Core/Events.o
 .debug_frame   0x000000000000071c       0xd0 ../../../../LUFA/Drivers/USB/Core/HostStandardReq.o
 .debug_frame   0x00000000000007ec       0x38 ../../../../LUFA/Drivers/USB/Core/USBTask.o
 .debug_frame   0x0000000000000824      0x14c ../../../../LUFA/Drivers/USB/Class/Common/HIDParser.o
 .debug_frame   0x0000000000000970      0x1d0 ../../../../LUFA/Drivers/USB/Class/Host/HID.o
 .debug_frame   0x0000000000000b40       0x74 ../../../../LUFA/Drivers/Peripheral/AVR8/Serial_AVR8.o

.debug_str      0x0000000000000000     0x2ba3
 *(.debug_str)
 .debug_str     0x0000000000000000      0x3f7 /usr/lib/gcc/avr/5.4.0/../../../avr/lib/avr51/crtat90usb1287.o
 .debug_str     0x00000000000003f7      0xc0c MouseHost.o
                                        0xcc1 (size before relaxing)
 .debug_str     0x0000000000001003      0x725 ../../../../LUFA/Drivers/USB/Core/AVR8/Host_AVR8.o
                                        0xba8 (size before relaxing)
 .debug_str     0x0000000000001728      0x267 ../../../../LUFA/Drivers/USB/Core/AVR8/Pipe_AVR8.o
                                        0x613 (size before relaxing)
 .debug_str     0x000000000000198f      0x17d ../../../../LUFA/Drivers/USB/Core/AVR8/USBController_AVR8.o
                                        0x5f0 (size before relaxing)
 .debug_str     0x0000000000001b0c       0x93 ../../../../LUFA/Drivers/USB/Core/AVR8/USBInterrupt_AVR8.o
                                        0x627 (size before relaxing)
 .debug_str     0x0000000000001b9f      0x2a9 ../../../../LUFA/Drivers/USB/Core/AVR8/PipeStream_AVR8.o
                                        0x4a2 (size before relaxing)
 .debug_str     0x0000000000001e48      0x309 ../../../../LUFA/Drivers/USB/Core/ConfigDescriptor.o
                                        0x8f4 (size before relaxing)
 .debug_str     0x0000000000002151       0x3a ../../../../LUFA/Drivers/USB/Core/Events.o
                                        0x1d0 (size before relaxing)
 .debug_str     0x000000000000218b      0x298 ../../../../LUFA/Drivers/USB/Core/HostStandardReq.o
                                        0xab4 (size before relaxing)
 .debug_str     0x0000000000002423       0x42 ../../../../LUFA/Drivers/USB/Core/USBTask.o
                                        0x2c6 (size before relaxing)
 .debug_str     0x0000000000002465      0x31c ../../../../LUFA/Drivers/USB/Class/Common/HIDParser.o
                                        0x6ee (size before relaxing)
 .debug_str     0x0000000000002781      0x325 ../../../../LUFA/Drivers/USB/Class/Host/HID.o
                                       0x138f (size before relaxing)
 .debug_str     0x0000000000002aa6       0xfd ../../../../LUFA/Drivers/Peripheral/AVR8/Serial_AVR8.o
                                        0x323 (size before relaxing)

.debug_loc      0x0000000000000000     0x4adf
 *(.debug_loc)
 .debug_loc     0x0000000000000000      0x25a MouseHost.o
 .debug_loc     0x000000000000025a      0x43d ../../../../LUFA/Drivers/USB/Core/AVR8/Host_AVR8.o
 .debug_loc     0x0000000000000697      0x370 ../../../../LUFA/Drivers/USB/Core/AVR8/Pipe_AVR8.o
 .debug_loc     0x0000000000000a07       0x28 ../../../../LUFA/Drivers/USB/Core/AVR8/USBController_AVR8.o
 .debug_loc     0x0000000000000a2f      0x247 ../../../../LUFA/Drivers/USB/Core/AVR8/USBInterrupt_AVR8.o
 .debug_loc     0x0000000000000c76     0x15ca ../../../../LUFA/Drivers/USB/Core/AVR8/PipeStream_AVR8.o
 .debug_loc     0x0000000000002240      0x729 ../../../../LUFA/Drivers/USB/Core/ConfigDescriptor.o
 .debug_loc     0x0000000000002969      0x557 ../../../../LUFA/Drivers/USB/Core/HostStandardReq.o
 .debug_loc     0x0000000000002ec0       0x50 ../../../../LUFA/Drivers/USB/Core/USBTask.o
 .debug_loc     0x0000000000002f10      0xadf ../../../../LUFA/Drivers/USB/Class/Common/HIDParser.o
 .debug_loc     0x00000000000039ef      0xf48 ../../../../LUFA/Drivers/USB/Class/Host/HID.o
 .debug_loc     0x0000000000004937      0x1a8 ../../../../LUFA/Drivers/Peripheral/AVR8/Serial_AVR8.o

.debug_macinfo
 *(.debug_macinfo)

.debug_weaknames
 *(.debug_weaknames)

.debug_funcnames
 *(.debug_funcnames)

.debug_typenames
 *(.debug_typenames)

.debug_varnames
 *(.debug_varnames)

.debug_pubtypes
 *(.debug_pubtypes)

.debug_ranges   0x0000000000000000      0x430
 *(.debug_ranges)
 .debug_ranges  0x0000000000000000       0x50 MouseHost.o
 .debug_ranges  0x0000000000000050       0x20 ../../../../LUFA/Drivers/USB/Core/AVR8/Host_AVR8.o
 .debug_ranges  0x0000000000000070       0x98 ../../../../LUFA/Drivers/USB/Core/AVR8/Pipe_AVR8.o
 .debug_ranges  0x0000000000000108       0x20 ../../../../LUFA/Drivers/USB/Core/AVR8/USBController_AVR8.o
 .debug_ranges  0x0000000000000128       0x20 ../../../../LUFA/Drivers/USB/Core/AVR8/USBInterrupt_AVR8.o
 .debug_ranges  0x0000000000000148       0x68 ../../../../LUFA/Drivers/USB/Core/AVR8/PipeStream_AVR8.o
 .debug_ranges  0x00000000000001b0       0x38 ../../../../LUFA/Drivers/USB/Core/ConfigDescriptor.o
 .debug_ranges  0x00000000000001e8       0x10 ../../../../LUFA/Drivers/USB/Core/Events.o
 .debug_ranges  0x00000000000001f8       0x48 ../../../../LUFA/Drivers/USB/Core/HostStandardReq.o
 .debug_ranges  0x0000000000000240       0x10 ../../../../LUFA/Drivers/USB/Core/USBTask.o
 .debug_ranges  0x0000000000000250       0xd0 ../../../../LUFA/Drivers/USB/Class/Common/HIDParser.o
 .debug_ranges  0x0000000000000320       0xc0 ../../../../LUFA/Drivers/USB/Class/Host/HID.o
 .debug_ranges  0x00000000000003e0       0x50 ../../../../LUFA/Drivers/Peripheral/AVR8/Serial_AVR8.o

.debug_macro
 *(.debug_macro)
OUTPUT(MouseHost.elf elf32-avr)
LOAD linker stubs

Cross Reference Table

Symbol                                            File
Audio_Host_ConfigurePipes                         ../../../../LUFA/Drivers/USB/Class/Host/Audio.o
Audio_Host_GetSetEndpointProperty                 ../../../../LUFA/Drivers/USB/Class/Host/Audio.o
Audio_Host_StartStopStreaming                     ../../../../LUFA/Drivers/USB/Class/Host/Audio.o
CALLBACK_HIDParser_FilterHIDReportItem            ../../../../LUFA/Drivers/USB/Class/Common/HIDParser.o
CDC_Host_BytesReceived                            ../../../../LUFA/Drivers/USB/Class/Host/CDC.o
CDC_Host_ConfigurePipes                           ../../../../LUFA/Drivers/USB/Class/Host/CDC.o
CDC_Host_CreateBlockingStream                     ../../../../LUFA/Drivers/USB/Class/Host/CDC.o
CDC_Host_CreateStream                             ../../../../LUFA/Drivers/USB/Class/Host/CDC.o
CDC_Host_Event_Stub                               ../../../../LUFA/Drivers/USB/Class/Host/CDC.o
CDC_Host_Flush                                    ../../../../LUFA/Drivers/USB/Class/Host/CDC.o
CDC_Host_ReceiveByte                              ../../../../LUFA/Drivers/USB/Class/Host/CDC.o
CDC_Host_SendBreak                                ../../../../LUFA/Drivers/USB/Class/Host/CDC.o
CDC_Host_SendByte                                 ../../../../LUFA/Drivers/USB/Class/Host/CDC.o
CDC_Host_SendControlLineStateChange               ../../../../LUFA/Drivers/USB/Class/Host/CDC.o
CDC_Host_SendData                                 ../../../../LUFA/Drivers/USB/Class/Host/CDC.o
CDC_Host_SendString                               ../../../../LUFA/Drivers/USB/Class/Host/CDC.o
CDC_Host_SetLineEncoding                          ../../../../LUFA/Drivers/USB/Class/Host/CDC.o
CDC_Host_USBTask                                  ../../../../LUFA/Drivers/USB/Class/Host/CDC.o
EVENT_CDC_Host_ControLineStateChanged             ../../../../LUFA/Drivers/USB/Class/Host/CDC.o
EVENT_USB_Host_DeviceAttached                     MouseHost.o
                                                  ../../../../LUFA/Drivers/USB/Core/AVR8/USBInterrupt_AVR8.o
EVENT_USB_Host_DeviceEnumerationComplete          MouseHost.o
                                                  ../../../../LUFA/Drivers/USB/Core/AVR8/Host_AVR8.o
EVENT_USB_Host_DeviceEnumerationFailed            MouseHost.o
                                                  ../../../../LUFA/Drivers/USB/Core/AVR8/USBInterrupt_AVR8.o
                                                  ../../../../LUFA/Drivers/USB/Core/AVR8/Host_AVR8.o
EVENT_USB_Host_DeviceUnattached                   MouseHost.o
                                                  ../../../../LUFA/Drivers/USB/Core/AVR8/USBInterrupt_AVR8.o
                                                  ../../../../LUFA/Drivers/USB/Core/AVR8/Host_AVR8.o
EVENT_USB_Host_HostError                          MouseHost.o
                                                  ../../../../LUFA/Drivers/USB/Core/AVR8/USBInterrupt_AVR8.o
EVENT_USB_Host_StartOfFrame                       ../../../../LUFA/Drivers/USB/Core/Events.o
                                                  ../../../../LUFA/Drivers/USB/Core/AVR8/USBInterrupt_AVR8.o
HID_Host_ConfigurePipes                           ../../../../LUFA/Drivers/USB/Class/Host/HID.o
                                                  MouseHost.o
HID_Host_IsReportReceived                         ../../../../LUFA/Drivers/USB/Class/Host/HID.o
                                                  MouseHost.o
HID_Host_ReceiveReport                            ../../../../LUFA/Drivers/USB/Class/Host/HID.o
                                                  MouseHost.o
HID_Host_ReceiveReportByID                        ../../../../LUFA/Drivers/USB/Class/Host/HID.o
HID_Host_SendReportByID                           ../../../../LUFA/Drivers/USB/Class/Host/HID.o
HID_Host_SetBootProtocol                          ../../../../LUFA/Drivers/USB/Class/Host/HID.o
                                                  MouseHost.o
HID_Host_SetIdlePeriod                            ../../../../LUFA/Drivers/USB/Class/Host/HID.o
HID_Host_SetReportProtocol                        ../../../../LUFA/Drivers/USB/Class/Host/HID.o
MIDI_Host_ConfigurePipes                          ../../../../LUFA/Drivers/USB/Class/Host/MIDI.o
MIDI_Host_Flush                                   ../../../../LUFA/Drivers/USB/Class/Host/MIDI.o
MIDI_Host_ReceiveEventPacket                      ../../../../LUFA/Drivers/USB/Class/Host/MIDI.o
MIDI_Host_SendEventPacket                         ../../../../LUFA/Drivers/USB/Class/Host/MIDI.o
MIDI_Host_USBTask                                 ../../../../LUFA/Drivers/USB/Class/Host/MIDI.o
MS_Host_ConfigurePipes                            ../../../../LUFA/Drivers/USB/Class/Host/MassStorage.o
MS_Host_GetInquiryData                            ../../../../LUFA/Drivers/USB/Class/Host/MassStorage.o
MS_Host_GetMaxLUN                                 ../../../../LUFA/Drivers/USB/Class/Host/MassStorage.o
MS_Host_PreventAllowMediumRemoval                 ../../../../LUFA/Drivers/USB/Class/Host/MassStorage.o
MS_Host_ReadDeviceBlocks                          ../../../../LUFA/Drivers/USB/Class/Host/MassStorage.o
MS_Host_ReadDeviceCapacity                        ../../../../LUFA/Drivers/USB/Class/Host/MassStorage.o
MS_Host_RequestSense                              ../../../../LUFA/Drivers/USB/Class/Host/MassStorage.o
MS_Host_ResetMSInterface                          ../../../../LUFA/Drivers/USB/Class/Host/MassStorage.o
MS_Host_TestUnitReady                             ../../../../LUFA/Drivers/USB/Class/Host/MassStorage.o
MS_Host_WriteDeviceBlocks                         ../../../../LUFA/Drivers/USB/Class/Host/MassStorage.o
MouseHost_Task                                    MouseHost.o
Mouse_HID_Interface                               MouseHost.o
PRNT_Host_BytesReceived                           ../../../../LUFA/Drivers/USB/Class/Host/Printer.o
PRNT_Host_ConfigurePipes                          ../../../../LUFA/Drivers/USB/Class/Host/Printer.o
PRNT_Host_Flush                                   ../../../../LUFA/Drivers/USB/Class/Host/Printer.o
PRNT_Host_GetDeviceID                             ../../../../LUFA/Drivers/USB/Class/Host/Printer.o
PRNT_Host_GetPortStatus                           ../../../../LUFA/Drivers/USB/Class/Host/Printer.o
PRNT_Host_ReceiveByte                             ../../../../LUFA/Drivers/USB/Class/Host/Printer.o
PRNT_Host_SendByte                                ../../../../LUFA/Drivers/USB/Class/Host/Printer.o
PRNT_Host_SendData                                ../../../../LUFA/Drivers/USB/Class/Host/Printer.o
PRNT_Host_SendString                              ../../../../LUFA/Drivers/USB/Class/Host/Printer.o
PRNT_Host_SetBidirectionalMode                    ../../../../LUFA/Drivers/USB/Class/Host/Printer.o
PRNT_Host_SoftReset                               ../../../../LUFA/Drivers/USB/Class/Host/Printer.o
PRNT_Host_USBTask                                 ../../../../LUFA/Drivers/USB/Class/Host/Printer.o
Pipe_ClearPipes                                   ../../../../LUFA/Drivers/USB/Core/AVR8/Pipe_AVR8.o
                                                  ../../../../LUFA/Drivers/USB/Core/AVR8/Host_AVR8.o
Pipe_ConfigurePipe                                ../../../../LUFA/Drivers/USB/Core/AVR8/Pipe_AVR8.o
                                                  ../../../../LUFA/Drivers/USB/Class/Host/StillImage.o
                                                  ../../../../LUFA/Drivers/USB/Class/Host/RNDIS.o
                                                  ../../../../LUFA/Drivers/USB/Class/Host/Printer.o
                                                  ../../../../LUFA/Drivers/USB/Class/Host/MIDI.o
                                                  ../../../../LUFA/Drivers/USB/Class/Host/MassStorage.o
                                                  ../../../../LUFA/Drivers/USB/Class/Host/HID.o
                                                  ../../../../LUFA/Drivers/USB/Class/Host/CDC.o
                                                  ../../../../LUFA/Drivers/USB/Class/Host/Audio.o
                                                  ../../../../LUFA/Drivers/USB/Core/AVR8/Host_AVR8.o
Pipe_Discard_Stream                               ../../../../LUFA/Drivers/USB/Core/AVR8/PipeStream_AVR8.o
                                                  ../../../../LUFA/Drivers/USB/Class/Host/RNDIS.o
Pipe_IsEndpointBound                              ../../../../LUFA/Drivers/USB/Core/AVR8/Pipe_AVR8.o
                                                  ../../../../LUFA/Drivers/USB/Class/Host/StillImage.o
                                                  ../../../../LUFA/Drivers/USB/Class/Host/RNDIS.o
                                                  ../../../../LUFA/Drivers/USB/Class/Host/MIDI.o
                                                  ../../../../LUFA/Drivers/USB/Class/Host/MassStorage.o
                                                  ../../../../LUFA/Drivers/USB/Class/Host/HID.o
                                                  ../../../../LUFA/Drivers/USB/Class/Host/CDC.o
Pipe_Null_Stream                                  ../../../../LUFA/Drivers/USB/Core/AVR8/PipeStream_AVR8.o
Pipe_Read_EStream_BE                              ../../../../LUFA/Drivers/USB/Core/AVR8/PipeStream_AVR8.o
Pipe_Read_EStream_LE                              ../../../../LUFA/Drivers/USB/Core/AVR8/PipeStream_AVR8.o
Pipe_Read_Stream_BE                               ../../../../LUFA/Drivers/USB/Core/AVR8/PipeStream_AVR8.o
Pipe_Read_Stream_LE                               ../../../../LUFA/Drivers/USB/Core/AVR8/PipeStream_AVR8.o
                                                  ../../../../LUFA/Drivers/USB/Class/Host/StillImage.o
                                                  ../../../../LUFA/Drivers/USB/Class/Host/RNDIS.o
                                                  ../../../../LUFA/Drivers/USB/Class/Host/MIDI.o
                                                  ../../../../LUFA/Drivers/USB/Class/Host/MassStorage.o
                                                  ../../../../LUFA/Drivers/USB/Class/Host/HID.o
                                                  ../../../../LUFA/Drivers/USB/Class/Host/CDC.o
Pipe_WaitUntilReady                               ../../../../LUFA/Drivers/USB/Core/AVR8/Pipe_AVR8.o
                                                  ../../../../LUFA/Drivers/USB/Class/Host/Printer.o
                                                  ../../../../LUFA/Drivers/USB/Class/Host/MIDI.o
                                                  ../../../../LUFA/Drivers/USB/Class/Host/MassStorage.o
                                                  ../../../../LUFA/Drivers/USB/Class/Host/CDC.o
                                                  ../../../../LUFA/Drivers/USB/Core/AVR8/PipeStream_AVR8.o
Pipe_Write_EStream_BE                             ../../../../LUFA/Drivers/USB/Core/AVR8/PipeStream_AVR8.o
Pipe_Write_EStream_LE                             ../../../../LUFA/Drivers/USB/Core/AVR8/PipeStream_AVR8.o
Pipe_Write_PStream_BE                             ../../../../LUFA/Drivers/USB/Core/AVR8/PipeStream_AVR8.o
Pipe_Write_PStream_LE                             ../../../../LUFA/Drivers/USB/Core/AVR8/PipeStream_AVR8.o
Pipe_Write_Stream_BE                              ../../../../LUFA/Drivers/USB/Core/AVR8/PipeStream_AVR8.o
Pipe_Write_Stream_LE                              ../../../../LUFA/Drivers/USB/Core/AVR8/PipeStream_AVR8.o
                                                  ../../../../LUFA/Drivers/USB/Class/Host/StillImage.o
                                                  ../../../../LUFA/Drivers/USB/Class/Host/RNDIS.o
                                                  ../../../../LUFA/Drivers/USB/Class/Host/Printer.o
                                                  ../../../../LUFA/Drivers/USB/Class/Host/MIDI.o
                                                  ../../../../LUFA/Drivers/USB/Class/Host/MassStorage.o
                                                  ../../../../LUFA/Drivers/USB/Class/Host/HID.o
                                                  ../../../../LUFA/Drivers/USB/Class/Host/CDC.o
RNDIS_Host_ConfigurePipes                         ../../../../LUFA/Drivers/USB/Class/Host/RNDIS.o
RNDIS_Host_InitializeDevice                       ../../../../LUFA/Drivers/USB/Class/Host/RNDIS.o
RNDIS_Host_IsPacketReceived                       ../../../../LUFA/Drivers/USB/Class/Host/RNDIS.o
RNDIS_Host_QueryRNDISProperty                     ../../../../LUFA/Drivers/USB/Class/Host/RNDIS.o
RNDIS_Host_ReadPacket                             ../../../../LUFA/Drivers/USB/Class/Host/RNDIS.o
RNDIS_Host_SendKeepAlive                          ../../../../LUFA/Drivers/USB/Class/Host/RNDIS.o
RNDIS_Host_SendPacket                             ../../../../LUFA/Drivers/USB/Class/Host/RNDIS.o
RNDIS_Host_SetRNDISProperty                       ../../../../LUFA/Drivers/USB/Class/Host/RNDIS.o
SI_Host_CloseSession                              ../../../../LUFA/Drivers/USB/Class/Host/StillImage.o
SI_Host_ConfigurePipes                            ../../../../LUFA/Drivers/USB/Class/Host/StillImage.o
SI_Host_IsEventReceived                           ../../../../LUFA/Drivers/USB/Class/Host/StillImage.o
SI_Host_OpenSession                               ../../../../LUFA/Drivers/USB/Class/Host/StillImage.o
SI_Host_ReadData                                  ../../../../LUFA/Drivers/USB/Class/Host/StillImage.o
SI_Host_ReceiveBlockHeader                        ../../../../LUFA/Drivers/USB/Class/Host/StillImage.o
SI_Host_ReceiveEventHeader                        ../../../../LUFA/Drivers/USB/Class/Host/StillImage.o
SI_Host_ReceiveResponse                           ../../../../LUFA/Drivers/USB/Class/Host/StillImage.o
SI_Host_SendBlockHeader                           ../../../../LUFA/Drivers/USB/Class/Host/StillImage.o
SI_Host_SendCommand                               ../../../../LUFA/Drivers/USB/Class/Host/StillImage.o
SI_Host_SendData                                  ../../../../LUFA/Drivers/USB/Class/Host/StillImage.o
Serial_SendData                                   ../../../../LUFA/Drivers/Peripheral/AVR8/Serial_AVR8.o
Serial_SendString                                 ../../../../LUFA/Drivers/Peripheral/AVR8/Serial_AVR8.o
Serial_SendString_P                               ../../../../LUFA/Drivers/Peripheral/AVR8/Serial_AVR8.o
Serial_getchar                                    ../../../../LUFA/Drivers/Peripheral/AVR8/Serial_AVR8.o
                                                  MouseHost.o
Serial_getchar_Blocking                           ../../../../LUFA/Drivers/Peripheral/AVR8/Serial_AVR8.o
Serial_putchar                                    ../../../../LUFA/Drivers/Peripheral/AVR8/Serial_AVR8.o
                                                  MouseHost.o
SetupHardware                                     MouseHost.o
USARTSerialStream                                 ../../../../LUFA/Drivers/Peripheral/AVR8/Serial_AVR8.o
                                                  MouseHost.o
USB_ControlRequest                                ../../../../LUFA/Drivers/USB/Core/USBTask.o
                                                  ../../../../LUFA/Drivers/USB/Class/Host/RNDIS.o
                                                  ../../../../LUFA/Drivers/USB/Class/Host/Printer.o
                                                  ../../../../LUFA/Drivers/USB/Class/Host/MassStorage.o
                                                  ../../../../LUFA/Drivers/USB/Class/Host/HID.o
                                                  ../../../../LUFA/Drivers/USB/Class/Host/CDC.o
                                                  ../../../../LUFA/Drivers/USB/Class/Host/Audio.o
                                                  ../../../../LUFA/Drivers/USB/Core/HostStandardReq.o
                                                  ../../../../LUFA/Drivers/USB/Core/ConfigDescriptor.o
                                                  ../../../../LUFA/Drivers/USB/Core/AVR8/Host_AVR8.o
USB_Disable                                       ../../../../LUFA/Drivers/USB/Core/AVR8/USBController_AVR8.o
                                                  MouseHost.o
USB_Event_Stub                                    ../../../../LUFA/Drivers/USB/Core/Events.o
USB_GetHIDReportItemInfo                          ../../../../LUFA/Drivers/USB/Class/Common/HIDParser.o
USB_GetHIDReportSize                              ../../../../LUFA/Drivers/USB/Class/Common/HIDParser.o
                                                  ../../../../LUFA/Drivers/USB/Class/Host/HID.o
USB_GetNextDescriptorComp                         ../../../../LUFA/Drivers/USB/Core/ConfigDescriptor.o
                                                  ../../../../LUFA/Drivers/USB/Class/Host/StillImage.o
                                                  ../../../../LUFA/Drivers/USB/Class/Host/RNDIS.o
                                                  ../../../../LUFA/Drivers/USB/Class/Host/Printer.o
                                                  ../../../../LUFA/Drivers/USB/Class/Host/MIDI.o
                                                  ../../../../LUFA/Drivers/USB/Class/Host/MassStorage.o
                                                  ../../../../LUFA/Drivers/USB/Class/Host/HID.o
                                                  ../../../../LUFA/Drivers/USB/Class/Host/CDC.o
                                                  ../../../../LUFA/Drivers/USB/Class/Host/Audio.o
USB_GetNextDescriptorOfType                       ../../../../LUFA/Drivers/USB/Core/ConfigDescriptor.o
USB_GetNextDescriptorOfTypeAfter                  ../../../../LUFA/Drivers/USB/Core/ConfigDescriptor.o
USB_GetNextDescriptorOfTypeBefore                 ../../../../LUFA/Drivers/USB/Core/ConfigDescriptor.o
USB_HostState                                     ../../../../LUFA/Drivers/USB/Core/USBTask.o
                                                  ../../../../LUFA/Drivers/USB/Class/Host/StillImage.o
                                                  ../../../../LUFA/Drivers/USB/Class/Host/RNDIS.o
                                                  ../../../../LUFA/Drivers/USB/Class/Host/Printer.o
                                                  ../../../../LUFA/Drivers/USB/Class/Host/MIDI.o
                                                  ../../../../LUFA/Drivers/USB/Class/Host/MassStorage.o
                                                  ../../../../LUFA/Drivers/USB/Class/Host/HID.o
                                                  ../../../../LUFA/Drivers/USB/Class/Host/CDC.o
                                                  ../../../../LUFA/Drivers/USB/Core/HostStandardReq.o
                                                  ../../../../LUFA/Drivers/USB/Core/AVR8/USBInterrupt_AVR8.o
                                                  ../../../../LUFA/Drivers/USB/Core/AVR8/USBController_AVR8.o
                                                  ../../../../LUFA/Drivers/USB/Core/AVR8/Pipe_AVR8.o
                                                  ../../../../LUFA/Drivers/USB/Core/AVR8/Host_AVR8.o
                                                  MouseHost.o
USB_Host_ClearEndpointStall                       ../../../../LUFA/Drivers/USB/Core/HostStandardReq.o
                                                  ../../../../LUFA/Drivers/USB/Class/Host/StillImage.o
                                                  ../../../../LUFA/Drivers/USB/Class/Host/MassStorage.o
USB_Host_ConfigurationNumber                      ../../../../LUFA/Drivers/USB/Core/HostStandardReq.o
                                                  ../../../../LUFA/Drivers/USB/Core/AVR8/USBController_AVR8.o
                                                  ../../../../LUFA/Drivers/USB/Core/AVR8/Host_AVR8.o
USB_Host_ControlPipeSize                          ../../../../LUFA/Drivers/USB/Core/AVR8/Pipe_AVR8.o
                                                  ../../../../LUFA/Drivers/USB/Core/HostStandardReq.o
                                                  ../../../../LUFA/Drivers/USB/Core/AVR8/USBController_AVR8.o
                                                  ../../../../LUFA/Drivers/USB/Core/AVR8/Host_AVR8.o
USB_Host_GetDeviceConfigDescriptor                ../../../../LUFA/Drivers/USB/Core/ConfigDescriptor.o
                                                  MouseHost.o
USB_Host_GetDeviceDescriptor                      ../../../../LUFA/Drivers/USB/Core/HostStandardReq.o
USB_Host_GetDeviceStatus                          ../../../../LUFA/Drivers/USB/Core/HostStandardReq.o
USB_Host_GetDeviceStringDescriptor                ../../../../LUFA/Drivers/USB/Core/HostStandardReq.o
USB_Host_ProcessNextHostState                     ../../../../LUFA/Drivers/USB/Core/AVR8/Host_AVR8.o
                                                  ../../../../LUFA/Drivers/USB/Core/USBTask.o
USB_Host_SendControlRequest                       ../../../../LUFA/Drivers/USB/Core/HostStandardReq.o
                                                  ../../../../LUFA/Drivers/USB/Class/Host/RNDIS.o
                                                  ../../../../LUFA/Drivers/USB/Class/Host/Printer.o
                                                  ../../../../LUFA/Drivers/USB/Class/Host/MassStorage.o
                                                  ../../../../LUFA/Drivers/USB/Class/Host/HID.o
                                                  ../../../../LUFA/Drivers/USB/Class/Host/CDC.o
                                                  ../../../../LUFA/Drivers/USB/Class/Host/Audio.o
                                                  ../../../../LUFA/Drivers/USB/Core/ConfigDescriptor.o
                                                  ../../../../LUFA/Drivers/USB/Core/AVR8/Host_AVR8.o
USB_Host_SetDeviceConfiguration                   ../../../../LUFA/Drivers/USB/Core/HostStandardReq.o
                                                  MouseHost.o
USB_Host_SetInterfaceAltSetting                   ../../../../LUFA/Drivers/USB/Core/HostStandardReq.o
                                                  ../../../../LUFA/Drivers/USB/Class/Host/Printer.o
                                                  ../../../../LUFA/Drivers/USB/Class/Host/Audio.o
USB_Host_WaitMS                                   ../../../../LUFA/Drivers/USB/Core/AVR8/Host_AVR8.o
                                                  ../../../../LUFA/Drivers/USB/Core/HostStandardReq.o
USB_INT_ClearAllInterrupts                        ../../../../LUFA/Drivers/USB/Core/AVR8/USBInterrupt_AVR8.o
                                                  ../../../../LUFA/Drivers/USB/Core/AVR8/USBController_AVR8.o
USB_INT_DisableAllInterrupts                      ../../../../LUFA/Drivers/USB/Core/AVR8/USBInterrupt_AVR8.o
                                                  ../../../../LUFA/Drivers/USB/Core/AVR8/USBController_AVR8.o
USB_Init                                          ../../../../LUFA/Drivers/USB/Core/AVR8/USBController_AVR8.o
                                                  MouseHost.o
USB_IsInitialized                                 ../../../../LUFA/Drivers/USB/Core/USBTask.o
                                                  ../../../../LUFA/Drivers/USB/Core/AVR8/USBController_AVR8.o
USB_ProcessHIDReport                              ../../../../LUFA/Drivers/USB/Class/Common/HIDParser.o
                                                  ../../../../LUFA/Drivers/USB/Class/Host/HID.o
USB_ResetInterface                                ../../../../LUFA/Drivers/USB/Core/AVR8/USBController_AVR8.o
                                                  ../../../../LUFA/Drivers/USB/Core/AVR8/USBInterrupt_AVR8.o
                                                  ../../../../LUFA/Drivers/USB/Core/AVR8/Host_AVR8.o
USB_SetHIDReportItemInfo                          ../../../../LUFA/Drivers/USB/Class/Common/HIDParser.o
USB_USBTask                                       ../../../../LUFA/Drivers/USB/Core/USBTask.o
                                                  ../../../../LUFA/Drivers/USB/Class/Host/CDC.o
                                                  ../../../../LUFA/Drivers/USB/Core/AVR8/PipeStream_AVR8.o
                                                  MouseHost.o
__DATA_REGION_LENGTH__                            /usr/lib/gcc/avr/5.4.0/../../../avr/lib/avr51/crtat90usb1287.o
__DATA_REGION_ORIGIN__                            /usr/lib/gcc/avr/5.4.0/../../../avr/lib/avr51/crtat90usb1287.o
__EEPROM_REGION_LENGTH__                          /usr/lib/gcc/avr/5.4.0/../../../avr/lib/avr51/crtat90usb1287.o
__FUSE_REGION_LENGTH__                            /usr/lib/gcc/avr/5.4.0/../../../avr/lib/avr51/crtat90usb1287.o
__TEXT_REGION_LENGTH__                            /usr/lib/gcc/avr/5.4.0/../../../avr/lib/avr51/crtat90usb1287.o
__bad_interrupt                                   /usr/lib/gcc/avr/5.4.0/../../../avr/lib/avr51/crtat90usb1287.o
__bss_end                                         /usr/lib/gcc/avr/5.4.0/avr51/libgcc.a(_clear_bss.o)
__bss_start                                       /usr/lib/gcc/avr/5.4.0/avr51/libgcc.a(_clear_bss.o)
__bswapsi2                                        /usr/lib/gcc/avr/5.4.0/avr51/libgcc.a(_bswapsi2.o)
                                                  ../../../../LUFA/Drivers/USB/Class/Host/MassStorage.o
__data_end                                        /usr/lib/gcc/avr/5.4.0/avr51/libgcc.a(_copy_data.o)
__data_load_start                                 /usr/lib/gcc/avr/5.4.0/avr51/libgcc.a(_copy_data.o)
__data_start                                      /usr/lib/gcc/avr/5.4.0/avr51/libgcc.a(_copy_data.o)
__do_clear_bss                                    /usr/lib/gcc/avr/5.4.0/avr51/libgcc.a(_clear_bss.o)
                                                  /usr/lib/gcc/avr/5.4.0/../../../avr/lib/avr51/libc.a(iob.o)
                                                  ../../../../LUFA/Drivers/Peripheral/AVR8/Serial_AVR8.o
                                                  ../../../../LUFA/Drivers/USB/Core/USBTask.o
                                                  ../../../../LUFA/Drivers/USB/Core/HostStandardReq.o
                                                  ../../../../LUFA/Drivers/USB/Core/AVR8/Host_AVR8.o
__do_copy_data                                    /usr/lib/gcc/avr/5.4.0/avr51/libgcc.a(_copy_data.o)
                                                  ../../../../LUFA/Drivers/USB/Core/HostStandardReq.o
                                                  ../../../../LUFA/Drivers/USB/Core/AVR8/Pipe_AVR8.o
                                                  ../../../../LUFA/Drivers/USB/Core/AVR8/Host_AVR8.o
                                                  MouseHost.o
__heap_end                                        /usr/lib/gcc/avr/5.4.0/../../../avr/lib/avr51/crtat90usb1287.o
__init                                            /usr/lib/gcc/avr/5.4.0/../../../avr/lib/avr51/crtat90usb1287.o
__iob                                             /usr/lib/gcc/avr/5.4.0/../../../avr/lib/avr51/libc.a(iob.o)
                                                  /usr/lib/gcc/avr/5.4.0/../../../avr/lib/avr51/libc.a(puts_p.o)
                                                  /usr/lib/gcc/avr/5.4.0/../../../avr/lib/avr51/libc.a(printf_p.o)
                                                  MouseHost.o
__stack                                           /usr/lib/gcc/avr/5.4.0/../../../avr/lib/avr51/crtat90usb1287.o
__tablejump2__                                    /usr/lib/gcc/avr/5.4.0/avr51/libgcc.a(_tablejump2.o)
                                                  ../../../../LUFA/Drivers/USB/Core/AVR8/Host_AVR8.o
__ultoa_invert                                    /usr/lib/gcc/avr/5.4.0/../../../avr/lib/avr51/libc.a(ultoa_invert.o)
                                                  /usr/lib/gcc/avr/5.4.0/../../../avr/lib/avr51/libc.a(vfprintf_std.o)
__umulhisi3                                       /usr/lib/gcc/avr/5.4.0/avr51/libgcc.a(_umulhisi3.o)
                                                  ../../../../LUFA/Drivers/USB/Class/Host/MassStorage.o
__vector_1                                        /usr/lib/gcc/avr/5.4.0/../../../avr/lib/avr51/crtat90usb1287.o
__vector_10                                       ../../../../LUFA/Drivers/USB/Core/AVR8/USBInterrupt_AVR8.o
                                                  /usr/lib/gcc/avr/5.4.0/../../../avr/lib/avr51/crtat90usb1287.o
__vector_11                                       /usr/lib/gcc/avr/5.4.0/../../../avr/lib/avr51/crtat90usb1287.o
__vector_12                                       /usr/lib/gcc/avr/5.4.0/../../../avr/lib/avr51/crtat90usb1287.o
__vector_13                                       /usr/lib/gcc/avr/5.4.0/../../../avr/lib/avr51/crtat90usb1287.o
__vector_14                                       /usr/lib/gcc/avr/5.4.0/../../../avr/lib/avr51/crtat90usb1287.o
__vector_15                                       /usr/lib/gcc/avr/5.4.0/../../../avr/lib/avr51/crtat90usb1287.o
__vector_16                                       /usr/lib/gcc/avr/5.4.0/../../../avr/lib/avr51/crtat90usb1287.o
__vector_17                                       /usr/lib/gcc/avr/5.4.0/../../../avr/lib/avr51/crtat90usb1287.o
__vector_18                                       /usr/lib/gcc/avr/5.4.0/../../../avr/lib/avr51/crtat90usb1287.o
__vector_19                                       /usr/lib/gcc/avr/5.4.0/../../../avr/lib/avr51/crtat90usb1287.o
__vector_2                                        /usr/lib/gcc/avr/5.4.0/../../../avr/lib/avr51/crtat90usb1287.o
__vector_20                                       /usr/lib/gcc/avr/5.4.0/../../../avr/lib/avr51/crtat90usb1287.o
__vector_21                                       /usr/lib/gcc/avr/5.4.0/../../../avr/lib/avr51/crtat90usb1287.o
__vector_22                                       /usr/lib/gcc/avr/5.4.0/../../../avr/lib/avr51/crtat90usb1287.o
__vector_23                                       /usr/lib/gcc/avr/5.4.0/../../../avr/lib/avr51/crtat90usb1287.o
__vector_24                                       /usr/lib/gcc/avr/5.4.0/../../../avr/lib/avr51/crtat90usb1287.o
__vector_25                                       /usr/lib/gcc/avr/5.4.0/../../../avr/lib/avr51/crtat90usb1287.o
__vector_26                                       /usr/lib/gcc/avr/5.4.0/../../../avr/lib/avr51/crtat90usb1287.o
__vector_27                                       /usr/lib/gcc/avr/5.4.0/../../../avr/lib/avr51/crtat90usb1287.o
__vector_28                                       /usr/lib/gcc/avr/5.4.0/../../../avr/lib/avr51/crtat90usb1287.o
__vector_29                                       /usr/lib/gcc/avr/5.4.0/../../../avr/lib/avr51/crtat90usb1287.o
__vector_3                                        /usr/lib/gcc/avr/5.4.0/../../../avr/lib/avr51/crtat90usb1287.o
__vector_30                                       /usr/lib/gcc/avr/5.4.0/../../../avr/lib/avr51/crtat90usb1287.o
__vector_31                                       /usr/lib/gcc/avr/5.4.0/../../../avr/lib/avr51/crtat90usb1287.o
__vector_32                                       /usr/lib/gcc/avr/5.4.0/../../../avr/lib/avr51/crtat90usb1287.o
__vector_33                                       /usr/lib/gcc/avr/5.4.0/../../../avr/lib/avr51/crtat90usb1287.o
__vector_34                                       /usr/lib/gcc/avr/5.4.0/../../../avr/lib/avr51/crtat90usb1287.o
__vector_35                                       /usr/lib/gcc/avr/5.4.0/../../../avr/lib/avr51/crtat90usb1287.o
__vector_36                                       /usr/lib/gcc/avr/5.4.0/../../../avr/lib/avr51/crtat90usb1287.o
__vector_37                                       /usr/lib/gcc/avr/5.4.0/../../../avr/lib/avr51/crtat90usb1287.o
__vector_4                                        /usr/lib/gcc/avr/5.4.0/../../../avr/lib/avr51/crtat90usb1287.o
__vector_5                                        /usr/lib/gcc/avr/5.4.0/../../../avr/lib/avr51/crtat90usb1287.o
__vector_6                                        /usr/lib/gcc/avr/5.4.0/../../../avr/lib/avr51/crtat90usb1287.o
__vector_7                                        /usr/lib/gcc/avr/5.4.0/../../../avr/lib/avr51/crtat90usb1287.o
__vector_8                                        /usr/lib/gcc/avr/5.4.0/../../../avr/lib/avr51/crtat90usb1287.o
__vector_9                                        /usr/lib/gcc/avr/5.4.0/../../../avr/lib/avr51/crtat90usb1287.o
__vector_default                                  /usr/lib/gcc/avr/5.4.0/../../../avr/lib/avr51/crtat90usb1287.o
__vectors                                         /usr/lib/gcc/avr/5.4.0/../../../avr/lib/avr51/crtat90usb1287.o
_exit                                             /usr/lib/gcc/avr/5.4.0/avr51/libgcc.a(_exit.o)
eeprom_read_byte                                  /usr/lib/gcc/avr/5.4.0/../../../avr/lib/avr51/libat90usb1287.a(eerd_byte.o)
                                                  ../../../../LUFA/Drivers/USB/Core/AVR8/PipeStream_AVR8.o
eeprom_update_byte                                /usr/lib/gcc/avr/5.4.0/../../../avr/lib/avr51/libat90usb1287.a(eeupd_byte.o)
                                                  ../../../../LUFA/Drivers/USB/Core/AVR8/PipeStream_AVR8.o
eeprom_update_r18                                 /usr/lib/gcc/avr/5.4.0/../../../avr/lib/avr51/libat90usb1287.a(eeupd_byte.o)
exit                                              /usr/lib/gcc/avr/5.4.0/avr51/libgcc.a(_exit.o)
                                                  /usr/lib/gcc/avr/5.4.0/../../../avr/lib/avr51/crtat90usb1287.o
fputc                                             /usr/lib/gcc/avr/5.4.0/../../../avr/lib/avr51/libc.a(fputc.o)
                                                  /usr/lib/gcc/avr/5.4.0/../../../avr/lib/avr51/libc.a(vfprintf_std.o)
main                                              MouseHost.o
                                                  /usr/lib/gcc/avr/5.4.0/../../../avr/lib/avr51/crtat90usb1287.o
memcpy                                            /usr/lib/gcc/avr/5.4.0/../../../avr/lib/avr51/libc.a(memcpy.o)
                                                  /usr/lib/gcc/avr/5.4.0/../../../avr/lib/avr51/libc.a(memmove.o)
                                                  ../../../../LUFA/Drivers/USB/Class/Host/StillImage.o
                                                  ../../../../LUFA/Drivers/USB/Class/Host/RNDIS.o
memmove                                           /usr/lib/gcc/avr/5.4.0/../../../avr/lib/avr51/libc.a(memmove.o)
                                                  ../../../../LUFA/Drivers/USB/Class/Host/Printer.o
printf_P                                          /usr/lib/gcc/avr/5.4.0/../../../avr/lib/avr51/libc.a(printf_p.o)
                                                  MouseHost.o
puts_P                                            /usr/lib/gcc/avr/5.4.0/../../../avr/lib/avr51/libc.a(puts_p.o)
                                                  MouseHost.o
strnlen                                           /usr/lib/gcc/avr/5.4.0/../../../avr/lib/avr51/libc.a(strnlen.o)
                                                  /usr/lib/gcc/avr/5.4.0/../../../avr/lib/avr51/libc.a(vfprintf_std.o)
strnlen_P                                         /usr/lib/gcc/avr/5.4.0/../../../avr/lib/avr51/libc.a(strnlen_P.o)
                                                  /usr/lib/gcc/avr/5.4.0/../../../avr/lib/avr51/libc.a(vfprintf_std.o)
vfprintf                                          /usr/lib/gcc/avr/5.4.0/../../../avr/lib/avr51/libc.a(vfprintf_std.o)
                                                  /usr/lib/gcc/avr/5.4.0/../../../avr/lib/avr51/libc.a(printf_p.o)
